// Jest Snapshot v1, https://goo.gl/fbAQLP

exports[`matches snapshot 1`] = `
<div>
  <header
    class="sc-beySPh erKIBm"
    role="header"
  >
    <div
      style="margin-left: auto;"
    >
      <img
        alt="Logo"
        class="sc-guDLey bRskqZ"
        src="logo.png"
      />
    </div>
  </header>
</div>
`;
